// Jest Snapshot v1, https://goo.gl/fbAQLP

exports[`renders 1`] = `
<DocumentFragment>
  <h1>
    Hello from 
    <span
      class="red"
    >
      Typescript
    </span>
     and 
    <span
      class="green"
    >
      React
    </span>
    !
  </h1>
</DocumentFragment>
`;
